// Jest Snapshot v1, https://goo.gl/fbAQLP

exports[`TalkInfo 1`] = `
<div
  className="sc-gsTCUz gCgpQH"
>
  <div
    className="sc-bdfBwQ MrQxr"
  >
    <h2
      className="sc-dlfnbm EfhGP"
    >
      ほげふが
    </h2>
    <div
      className="sc-eCssSg dAwEgz"
    >
      <div
        className="sc-jSgupP kPMSyW"
      >
        alice / bob
      </div>
      <div
        style={
          Object {
            "paddingRight": "20px",
          }
        }
      />
    </div>
    <div
      className="sc-gKsewC gQfUYF"
    >
      ぴよぴよ
    </div>
  </div>
</div>
`;
